// Jest Snapshot v1, https://goo.gl/fbAQLP

exports[`pruebas en <PrimeraApp /> Debe de mostrar < PrimeraApp /> correctamente 1`] = `
<Fragment>
  <h1>
    Hola mundo!
  </h1>
  <p>
    soy un subtitulo
  </p>
</Fragment>
`;
